<?xml version="1.0" encoding="utf-8"?><testsuites name="pytest tests"><testsuite name="pytest" errors="0" failures="0" skipped="0" tests="81" time="22.448" timestamp="2026-08-31T01:33:28.727021+00:00" hostname="localhost"><testcase classname="tests.unit.test_artifact_integrity" name="test_artifact_is_redacted_before_hashing" time="0.032" /><testcase classname="tests.unit.test_artifact_integrity" name="test_artifact_tampering_is_detected" time="0.002" /><testcase classname="tests.unit.test_artifact_store" name="test_roundtrip_and_deduplication" time="0.002" /><testcase classname="tests.unit.test_capabilities" name="test_glob_scope_authorizes_nested_file" time="0.001" /><testcase classname="tests.unit.test_capabilities" name="test_different_actor_is_denied" time="0.001" /><testcase classname="tests.unit.test_capabilities" name="test_approval_required_grant_is_not_implicit" time="0.001" /><testcase classname="tests.unit.test_capabilities" name="test_command_prefix_authorization" time="0.001" /><testcase classname="tests.unit.test_capabilities" name="test_unlisted_command_is_denied" time="0.001" /><testcase classname="tests.unit.test_capabilities" name="test_contained_path_rejects_escape" time="0.001" /><testcase classname="tests.unit.test_configuration" name="test_python_profile_is_auto_detected" time="0.061" /><testcase classname="tests.unit.test_configuration" name="test_node_profile_is_auto_detected" time="0.054" /><testcase classname="tests.unit.test_configuration" name="test_locked_policy_cannot_be_disabled" time="0.053" /><testcase classname="tests.unit.test_configuration" name="test_config_validate_reports_effective_controls" time="0.069" /><testcase classname="tests.unit.test_domain_models" name="test_new_id_has_prefix_and_unique_value" time="0.001" /><testcase classname="tests.unit.test_domain_models" name="test_new_id_rejects_invalid_prefix[A]" time="0.001" /><testcase classname="tests.unit.test_domain_models" name="test_new_id_rejects_invalid_prefix[1bad]" time="0.001" /><testcase classname="tests.unit.test_domain_models" name="test_new_id_rejects_invalid_prefix[x-y]" time="0.001" /><testcase classname="tests.unit.test_domain_models" name="test_new_id_rejects_invalid_prefix[]" time="0.001" /><testcase classname="tests.unit.test_domain_models" name="test_patch_rejects_unsafe_path[../secret]" time="0.001" /><testcase classname="tests.unit.test_domain_models" name="test_patch_rejects_unsafe_path[/absolute]" time="0.001" /><testcase classname="tests.unit.test_domain_models" name="test_patch_rejects_unsafe_path[a/../../b]" time="0.001" /><testcase classname="tests.unit.test_domain_models" name="test_patch_rejects_unsafe_path[]" time="0.001" /><testcase classname="tests.unit.test_domain_models" name="test_patch_rejects_unsafe_path[.]" time="0.001" /><testcase classname="tests.unit.test_domain_models" name="test_patch_requires_content_for_write_operation" time="0.001" /><testcase classname="tests.unit.test_domain_models" name="test_task_requires_acceptance_criterion" time="0.001" /><testcase classname="tests.unit.test_domain_models" name="test_model_accepts_camel_case_aliases" time="0.001" /><testcase classname="tests.unit.test_event_integrity" name="test_chain_verification_detects_tampering" time="0.004" /><testcase classname="tests.unit.test_event_integrity" name="test_chains_are_independent_per_execution" time="0.003" /><testcase classname="tests.unit.test_event_store" name="test_event_chain" time="0.003" /><testcase classname="tests.unit.test_gate_engine" name="test_all_mandatory_pass" time="0.001" /><testcase classname="tests.unit.test_gate_engine" name="test_skipped_mandatory_is_failure" time="0.001" /><testcase classname="tests.unit.test_gate_engine" name="test_missing_inputs_is_inconclusive" time="0.000" /><testcase classname="tests.unit.test_gate_structured" name="test_optional_not_applicable_does_not_block" time="0.001" /><testcase classname="tests.unit.test_gate_structured" name="test_mandatory_timeout_blocks" time="0.001" /><testcase classname="tests.unit.test_gate_structured" name="test_high_finding_fails_passed_validations" time="0.001" /><testcase classname="tests.unit.test_memory" name="test_context_selection_is_level_ordered_and_scoped" time="0.004" /><testcase classname="tests.unit.test_memory" name="test_expired_memory_is_ignored" time="0.003" /><testcase classname="tests.unit.test_patch_applier" name="test_create_replace_and_append" time="0.003" /><testcase classname="tests.unit.test_patch_applier" name="test_idempotent_create_with_identical_content" time="0.002" /><testcase classname="tests.unit.test_patch_applier" name="test_delete_is_denied_without_explicit_condition" time="0.002" /><testcase classname="tests.unit.test_patch_applier" name="test_symlink_write_is_denied" time="0.002" /><testcase classname="tests.unit.test_plugin_protocol" name="test_external_echo_plugin_roundtrip" time="2.522" /><testcase classname="tests.unit.test_plugin_protocol" name="test_invalid_plugin_stdout_is_rejected" time="0.692" /><testcase classname="tests.unit.test_process_runner" name="test_process_pass" time="0.687" /><testcase classname="tests.unit.test_process_runner" name="test_process_failure_is_structured" time="0.662" /><testcase classname="tests.unit.test_process_runner" name="test_process_timeout" time="0.107" /><testcase classname="tests.unit.test_process_runner" name="test_output_is_truncated" time="0.697" /><testcase classname="tests.unit.test_process_runner" name="test_unauthorized_command_is_not_spawned" time="0.002" /><testcase classname="tests.unit.test_redaction" name="test_redacts_authorization_header" time="0.001" /><testcase classname="tests.unit.test_redaction" name="test_redacts_github_token" time="0.000" /><testcase classname="tests.unit.test_redaction" name="test_non_secret_is_unchanged" time="0.001" /><testcase classname="tests.unit.test_retrospective" name="test_retrospective_never_auto_applies" time="0.001" /><testcase classname="tests.unit.test_review_validator" name="test_review_detects_possible_secret" time="0.005" /><testcase classname="tests.unit.test_review_validator" name="test_review_detects_source_without_tests" time="0.005" /><testcase classname="tests.unit.test_state_machine" name="test_pass_advances_to_next_phase" time="0.001" /><testcase classname="tests.unit.test_state_machine" name="test_non_success_does_not_advance[BLOCKED]" time="0.001" /><testcase classname="tests.unit.test_state_machine" name="test_non_success_does_not_advance[ERROR]" time="0.001" /><testcase classname="tests.unit.test_state_machine" name="test_non_success_does_not_advance[SKIPPED]" time="0.001" /><testcase classname="tests.unit.test_state_machine" name="test_non_success_does_not_advance[INCONCLUSIVE]" time="0.001" /><testcase classname="tests.unit.test_state_machine" name="test_correction_invalidates_downstream" time="0.001" /><testcase classname="tests.unit.test_state_machine" name="test_approval_is_digest_bound" time="0.001" /><testcase classname="tests.unit.test_telemetry" name="test_metrics_use_persisted_invocation_times" time="0.005" /><testcase classname="tests.unit.test_workspace" name="test_snapshot_excludes_harness_state" time="0.003" /><testcase classname="tests.unit.test_workspace" name="test_diff_counts_additions_and_deletions" time="0.004" /><testcase classname="tests.unit.test_workspace" name="test_binary_file_has_binary_marker" time="0.003" /><testcase classname="tests.contract.test_schemas" name="test_all_schemas_are_valid_draft_2020_12" time="0.539" /><testcase classname="tests.contract.test_schemas" name="test_normalized_status_enum_is_closed" time="0.001" /><testcase classname="tests.contract.test_workflow" name="test_default_workflow_has_exact_normative_phase_order" time="0.023" /><testcase classname="tests.contract.test_workflow" name="test_no_phase_can_grant_git_push_by_default" time="0.017" /><testcase classname="tests.integration.test_api" name="test_api_health_and_empty_runs" time="0.152" /><testcase classname="tests.integration.test_application_and_cli" name="test_application_init_and_inspect" time="0.004" /><testcase classname="tests.integration.test_application_and_cli" name="test_cli_doctor_json" time="0.072" /><testcase classname="tests.integration.test_application_and_cli" name="test_cli_task_create_and_list" time="0.192" /><testcase classname="tests.integration.test_trace_formats" name="test_trace_json_jsonl_and_sarif" time="2.370" /><testcase classname="tests.security.test_path_containment" name="test_path_inside_workspace" time="0.002" /><testcase classname="tests.security.test_path_containment" name="test_path_traversal_is_denied" time="0.002" /><testcase classname="tests.e2e.test_node_vertical_slice" name="test_node_profile_runs_test_lint_and_typecheck" time="1.100" /><testcase classname="tests.e2e.test_python_vertical_slice" name="test_python_execution_closes_after_digest_bound_approval" time="2.125" /><testcase classname="tests.e2e.test_python_vertical_slice" name="test_stale_approval_is_rejected_before_decision_record" time="1.977" /><testcase classname="tests.e2e.test_python_vertical_slice" name="test_failed_verification_can_resume_after_manual_correction" time="4.052" /><testcase classname="tests.e2e.test_python_vertical_slice" name="test_blocking_review_requires_exception_or_changes" time="2.286" /></testsuite></testsuites>